node : (node:4784) ExperimentalWarning: VM Modules is an experimental feature and might change at any time
At line:1 char:1
+ node --experimental-vm-modules node_modules/jest/bin/jest.js src/__te ...
+ ~~~~~~~~~~~~~~~~~~~~~~~~~~~~~~~~~~~~~~~~~~~~~~~~~~~~~~~~~~~~~~~~~~~~~
    + CategoryInfo          : NotSpecified: ((node:4784) Exp...nge at any time:String) [], RemoteException
    + FullyQualifiedErrorId : NativeCommandError
 
(Use `node --trace-warnings ...` to show where the warning was created)
FAIL src/__tests__/CheckoutForm.test.jsx
  CheckoutForm Component
    ├ù allows typing in inputs and handling form submission (109 ms)

  ΓùÅ CheckoutForm Component ΓÇ║ allows typing in inputs and handling form submission

    TestingLibraryElementError: Unable to find an accessible element with the role "textbox" and name `/address/i`

    Here are the accessible roles:

      heading:

      Name "Checkout":
      [36m<h3 />[39m

      --------------------------------------------------
      textbox:

      Name "":
      [36m<input[39m
        [33mdata-testid[39m=[32m"name-input"[39m
        [33mplaceholder[39m=[32m"Your Name"[39m
        [33mrequired[39m=[32m""[39m
        [33mtype[39m=[32m"text"[39m
        [33mvalue[39m=[32m""[39m
      [36m/>[39m

      Name "":
      [36m<input[39m
        [33mname[39m=[32m"address"[39m
        [33mplaceholder[39m=[32m"Shipping Address"[39m
        [33mrequired[39m=[32m""[39m
        [33mrole[39m=[32m"textbox"[39m
        [33mtype[39m=[32m"text"[39m
        [33mvalue[39m=[32m""[39m
      [36m/>[39m

      --------------------------------------------------
      button:

      Name "Place Order":
      [36m<button[39m
        [33mdisabled[39m=[32m""[39m
        [33mtype[39m=[32m"submit"[39m
      [36m/>[39m

      --------------------------------------------------

    Ignored nodes: comments, script, style
    [36m<body>[39m
      [36m<div>[39m
        [36m<div[39m
          [33mclass[39m=[32m"checkout-form"[39m
        [36m>[39m
          [36m<h3>[39m
            [0mCheckout[0m
          [36m</h3>[39m
          [36m<form[39m
            [33mdata-testid[39m=[32m"checkout-form"[39m
          [36m>[39m
            [36m<input[39m
              [33mdata-testid[39m=[32m"name-input"[39m
              [33mplaceholder[39m=[32m"Your Name"[39m
              [33mrequired[39m=[32m""[39m
              [33mtype[39m=[32m"text"[39m
              [33mvalue[39m=[32m""[39m
            [36m/>[39m
            [36m<input[39m
              [33mname[39m=[32m"address"[39m
              [33mplaceholder[39m=[32m"Shipping Address"[39m
              [33mrequired[39m=[32m""[39m
              [33mrole[39m=[32m"textbox"[39m
              [33mtype[39m=[32m"text"[39m
              [33mvalue[39m=[32m""[39m
            [36m/>[39m
            [36m<button[39m
              [33mdisabled[39m=[32m""[39m
              [33mtype[39m=[32m"submit"[39m
            [36m>[39m
              [0mPlace Order[0m
            [36m</button>[39m
          [36m</form>[39m
        [36m</div>[39m
      [36m</div>[39m
    [36m</body>[39m

    [0m [90m 13 |[39m
     [90m 14 |[39m         [36mconst[39m nameInput [33m=[39m screen[33m.[39mgetByTestId([32m'name-input'[39m)[33m;[39m
    [31m[1m>[22m[39m[90m 15 |[39m         [36mconst[39m addressInput [33m=[39m screen[33m.[39mgetByRole([32m'textbox'[39m[33m,[39m { name[33m:[39m 
[35m/address/i[39m })[33m;[39m
     [90m    |[39m                                     [31m[1m^[22m[39m
     [90m 16 |[39m         [36mconst[39m submitButton [33m=[39m screen[33m.[39mgetByRole([32m'button'[39m[33m,[39m { name[33m:[39m [35m/place order/i[39m 
})[33m;[39m
     [90m 17 |[39m
     [90m 18 |[39m         [90m// Asserting form is incomplete so button might be disabled (if handled so)[39m[0m

      at Object.getElementError (node_modules/@testing-library/dom/dist/config.js:37:19)
      at node_modules/@testing-library/dom/dist/query-helpers.js:76:38
      at node_modules/@testing-library/dom/dist/query-helpers.js:52:17
      at node_modules/@testing-library/dom/dist/query-helpers.js:95:19
      at Object.getByRole (src/__tests__/CheckoutForm.test.jsx:15:37)

Test Suites: 1 failed, 1 total
Tests:       1 failed, 1 total
Snapshots:   0 total
Time:        3.066 s
Ran all test suites matching src/__tests__/CheckoutForm.test.jsx.
